// Jest Snapshot v1, https://goo.gl/fbAQLP

exports[`ModalActivity tests basic tests matches the snapshot 1`] = `
.c5 {
  font-family: Poppins,sans-serif;
}

.c6 {
  display: -webkit-box;
  display: -webkit-flex;
  display: -ms-flexbox;
  display: flex;
  width: 100%;
  -webkit-box-pack: justify;
  -webkit-justify-content: space-between;
  -ms-flex-pack: justify;
  justify-content: space-between;
}

.c7 {
  -webkit-flex-basis: 40%;
  -ms-flex-preferred-size: 40%;
  flex-basis: 40%;
}

.c8 {
  -webkit-flex-basis: 378px;
  -ms-flex-preferred-size: 378px;
  flex-basis: 378px;
  -webkit-box-flex: 0;
  -webkit-flex-grow: 0;
  -ms-flex-positive: 0;
  flex-grow: 0;
  -webkit-flex-shrink: 1;
  -ms-flex-negative: 1;
  flex-shrink: 1;
  margin-bottom: 45px;
}

.c9 {
  margin-bottom: 103px;
  display: -webkit-box;
  display: -webkit-flex;
  display: -ms-flexbox;
  display: flex;
}

.c10 {
  background-color: #f9f9fd;
  margin: 0 -50px;
  padding: 0 50px;
}

.c15 {
  max-width: 508px;
  margin-top: 46px;
  font-family: Muli,sans-serif;
  font-size: 12px;
  font-weight: 300;
  line-height: 1.5;
  color: #686978;
}

.c11 {
  display: -webkit-box;
  display: -webkit-flex;
  display: -ms-flexbox;
  display: flex;
  font-size: 12px;
  -webkit-align-items: center;
  -webkit-box-align: center;
  -ms-flex-align: center;
  align-items: center;
  line-height: 2;
  color: #9e9fab;
  padding: 11px 0 32px;
}

.c14 {
  margin-left: 5px;
}

.c12 {
  display: -webkit-box;
  display: -webkit-flex;
  display: -ms-flexbox;
  display: flex;
  color: #392DD1;
  width: 19px;
}

.c3 {
  width: 100%;
  height: 100%;
  fill: currentColor;
}

.c13 {
  width: 100%;
  height: 100%;
  fill: currentColor;
}

.c0 {
  position: fixed;
  top: 0;
  left: 0;
  width: 100%;
  height: 100vh;
  background: rgba(12,13,33,0.85);
  z-index: 99;
  padding: 0 20px;
  overflow: hidden;
}

.c1 {
  max-width: 920px;
  margin: 52px auto;
  background: #fff;
  border-radius: 6px;
  overflow: hidden;
  position: relative;
}

.c2 {
  position: absolute;
  top: 19px;
  right: 19px;
  cursor: pointer;
  width: 27px;
  height: 27px;
  color: #B8B9C4;
}

.c4 {
  padding: 61px 50px;
  overflow-y: auto;
  max-height: calc(100vh - 100px);
}

<div
  className="c0"
  id="activity"
  onClick={[Function]}
>
  <div
    className="c1"
    size="normal"
  >
    <div
      className="c2"
    >
      <svg
        aria-hidden="true"
        className="c3"
        focusable="false"
        viewBox="0 0 32 32"
      >
        <path
          d="M15.77817 14.36396l7.07107-7.07107c.39053-.39052 1.0237-.39052 1.41422 0 .39052.39053.39052 1.0237 0 1.41422l-7.07107 7.07106 7.07107 7.07107c.39052.39053.39052 1.0237 0 1.41422-.39053.39052-1.0237.39052-1.41422 0l-7.07107-7.07107-7.07106 7.07107c-.39053.39052-1.0237.39052-1.41422 0-.39052-.39053-.39052-1.0237 0-1.41422l7.07107-7.07107L7.2929 8.70711c-.39052-.39053-.39052-1.0237 0-1.41422.39053-.39052 1.0237-.39052 1.41422 0l7.07106 7.07107z"
        />
      </svg>
    </div>
    <div
      className="c4"
    >
      <div
        className="c5"
      >
        <div
          className="c6"
        >
          <div
            className="c7"
          />
          <div
            className="c8"
          >
            <div
              className="c9"
            />
          </div>
        </div>
        <div
          className="c10"
        >
          <div
            className="c11"
          >
            <div
              className="c12"
            >
              <svg
                aria-hidden="true"
                className="c13"
                focusable="false"
                viewBox="0 0 32 32"
              >
                <path
                  d="M16.48192 4.12378l10 5.5c.31955.17576.51808.51153.51808.87622v11c0 .3647-.19853.70046-.51808.87622l-10 5.5a1 1 0 0 1-.96384 0l-10-5.5C5.19853 22.20046 5 21.86469 5 21.5v-11c0-.3647.19853-.70046.51808-.87622l10-5.5a1 1 0 0 1 .96384 0zm2.75016 8.23614l-4.29898 5.15877-2.2257-2.2257c-.39052-.39052-1.02368-.39052-1.4142 0-.39053.39053-.39053 1.0237 0 1.41422l3 3c.4158.4158 1.09887.38481 1.47532-.06693l5-6c.35357-.42427.29624-1.05484-.12804-1.4084-.42427-.35357-1.05484-.29624-1.4084.12804z"
                />
              </svg>
            </div>
            <div
              className="c14"
            >
              MISSING: braveVerified
            </div>
          </div>
        </div>
        <div
          className="c15"
        >
          <b>
            MISSING: pleaseNote
          </b>
           
          MISSING: activityNote
          <br />
          <br />
          MISSING: activityCopy
        </div>
      </div>
    </div>
  </div>
</div>
`;
